exports[`test renders 1`] = `
<footer>
  Â© Max F. Albrecht 2014 | Feed: 
  <a
    className="feed-rss"
    href="../../?/feed/">
    RSS
  </a>
  , 
  <a
    className="feed-json"
    href="../../?/json/">
    JSON
  </a>
   | View: 
  <a
    href="./">
    default
  </a>
  , 
  <a
    href="./?dark">
    dark
  </a>
  , 
  <a
    href="./?plain">
    plain
  </a>
  <br />
</footer>
`;
